┌────┬─────────┬─────┬───────┐
│ ID │  Name   │ Age │ City  │
├────┼─────────┼─────┼───────┤
│  1 │ Alice   │ 25  │ Tokyo │
│  2 │ Bob     │ 30  │ Osaka │
│  3 │ Charlie │ 35  │ Kyoto │
└────┴─────────┴─────┴───────┘
