 Column1  |  Column2  |  Column3 
 Left     |  Center   |    Right 
 Data1    |   Data2   |    Data3 
