┌─────────┬─────────┬───────────┐
[1m│ Product │  Price  │  Status   │[0m
├─────────┼─────────┼───────────┤
│ Laptop  │ $999.99 │ Available │
│ Mouse   │  $29.99 │ Sold Out  │
└─────────┴─────────┴───────────┘
