┌──────────┬──────┬──────────────┐
│   名前   │ 年齢 │     職業     │
├──────────┼──────┼──────────────┤
│ 田中太郎 │  30  │ エンジニア   │
│ 佐藤花子 │  25  │ デザイナー   │
│ 鈴木一郎 │  35  │ マネージャー │
└──────────┴──────┴──────────────┘
