[1m[37m[44m|     Feature     | Status | Priority |[0m
|-----------------|:------:|---------:|
| Header styles   |  Done  |     High |
| Border controls |  Done  |     High |
