|     Feature     |   Status    | Priority |
|-----------------|:-----------:|---------:|
| Header styles   |    Done     |     High |
| Border controls |    Done     |     High |
| Documentation   | In Progress |   Medium |
