┌──┬──┬──┐
│Raw1│Raw2│Raw3│
├──┼──┼──┤
│A│B│C│
│LongText│X│Y│
└──┴──┴──┘
