┌─────┬──────────┬────────────┐
│ ID  │   Name   │   Status   │
├─────┼──────────┼────────────┤
│   1 │ Alice    │   Active   │
│   2 │ Bob      │  Inactive  │
└─────┴──────────┴────────────┘
